
IEEE 695 OMF Linker Version 6.03 (05021601)
Copyright (C) 1999-2004 ZiLOG, Inc. All Rights Reserved

LINK MAP:

DATE:      Thu Jun 09 16:51:50 2016
PROCESSOR: assembler
FILES:     c:\PROGRA~2\ZiLOG\ZDSII_~1.3\lib\zilog\startupL.obj
           .\zsldevinit.obj
           .\main.obj             .\ansi.obj             .\lut.obj              
           .\LED.obj              .\StopWatch.obj        
           c:\PROGRA~2\ZiLOG\ZDSII_~1.3\lib\std\crtrevaaLDD.lib
           c:\PROGRA~2\ZiLOG\ZDSII_~1.3\lib\std\fpdumyL.obj
           c:\PROGRA~2\ZiLOG\ZDSII_~1.3\lib\zilog\zslLYD.lib
           


COMMAND LIST:
=============
/* Linker Command File - Ex2 Debug */

/* compiler options */
/* -alias -asm -bitfieldsize:32 -charsize:8 -const:RAM -debug */
/* -define:_Z8F6403 -define:_Z8ENCORE_640_FAMILY */
/* -define:_Z8ENCORE_F640X -define:_MODEL_LARGE -doublesize:32 */
/* -NOexpmac -floatsize:32 -NOfplib -genprintf -NOglobalcopy */
/* -NOglobalcse -NOglobalfold -intrinsic -intsize:16 -intsrc */
/* -NOjmpopt -NOkeepasm -NOkeeplst -NOlist -NOlistinc -localcopy */
/* -localcse -localfold -longsize:32 -NOloopopt -maxerrs:50 -model:L */
/* -NOoptlink -optsize -peephole -NOpromote -quiet -regvar -revaa */
/* -NOsdiopt -shortsize:16 */
/* -stdinc:"c:\PROGRA~2\ZiLOG\ZDSII_~1.3\include\std;c:\PROGRA~2\ZiLOG\ZDSII_~1.3\include\zilog;c:\PROGRA~2\ZiLOG\ZDSII_~1.3\include\zilog\Z8Encore_F640X" */
/* -strict */
/* -usrinc:"M:\Documents\30010_Programerings_Projekt\Project\include;M:\Documents\30010_Programerings_Projekt\Project;C:\Users\S143217\Desktop\Project\include" */
/* -NOwatch -cpu:Z8F6403 */
/* -asmsw:" -cpu:Z8F6403 -define:_Z8F6403=1 -define:_Z8ENCORE_640_FAMILY=1 -define:_Z8ENCORE_F640X=1 -define:_MODEL_LARGE=1 -include:c:\PROGRA~2\ZiLOG\ZDSII_~1.3\include\std;c:\PROGRA~2\ZiLOG\ZDSII_~1.3\include\zilog;c:\PROGRA~2\ZiLOG\ZDSII_~1.3\include\zilog\Z8Encore_F640X -revaa" */

/* assembler options */
/* -debug -define:_Z8F6403=1 -define:_Z8ENCORE_640_FAMILY=1 */
/* -define:_Z8ENCORE_F640X=1 -define:_MODEL_LARGE=1 -genobj */
/* -NOigcase */
/* -include:"c:\PROGRA~2\ZiLOG\ZDSII_~1.3\include\std;c:\PROGRA~2\ZiLOG\ZDSII_~1.3\include\zilog;c:\PROGRA~2\ZiLOG\ZDSII_~1.3\include\zilog\Z8Encore_F640X" */
/* -list -NOlistmac -name -pagelen:56 -pagewidth:80 -quiet -sdiopt */
/* -warn -NOzmasm -revaa -cpu:Z8F6403 */

-FORMAT=OMF695
-NOigcase -map -quiet -warn -NOwarnoverlap -NOxref

RANGE ROM $0 : $FFFF
RANGE RDATA $20 : $FF
RANGE EDATA $100 : $EFF

CHANGE TEXT=EDATA
CHANGE TEXT=FAR_DATA
change NEAR_TXT=NEAR_DATA
change FAR_TXT=FAR_DATA
ORDER FAR_BSS, FAR_DATA
ORDER NEAR_BSS,NEAR_DATA
COPY NEAR_DATA ROM
COPY FAR_DATA ROM

define _low_near_romdata = copy base of NEAR_DATA
define _low_neardata = base of NEAR_DATA
define _len_neardata = length of NEAR_DATA
define _low_far_romdata = copy base of FAR_DATA
define _low_fardata = base of FAR_DATA
define _len_fardata = length of FAR_DATA
define _low_nearbss = base of NEAR_BSS
define _len_nearbss = length of NEAR_BSS
define _low_farbss = base of FAR_BSS
define _len_farbss = length of FAR_BSS
define _far_heaptop = highaddr of EDATA
define _far_stack = highaddr of EDATA
define _near_stack = highaddr of RDATA
define _far_heapbot = top of EDATA
define _near_heaptop = highaddr of RDATA
define _near_heapbot = top of RDATA

define _zsl_g_clock_xdefine = 18432000

/* Set frequency to 18432000 Hz */
define __user_frequency = 18432000

"C:\Users\S143217\Desktop\Project\Ex2"=  c:\PROGRA~2\ZiLOG\ZDSII_~1.3\lib\zilog\startupL.obj,  .\zsldevinit.obj,  .\main.obj,  .\ansi.obj,  .\lut.obj,  .\LED.obj,  .\StopWatch.obj,  c:\PROGRA~2\ZiLOG\ZDSII_~1.3\lib\std\crtrevaaLDD.lib,  c:\PROGRA~2\ZiLOG\ZDSII_~1.3\lib\std\fpdumyL.obj,  c:\PROGRA~2\ZiLOG\ZDSII_~1.3\lib\zilog\zslLYD.lib


SEGMENT OVERLAYS:
=================

Name                                     Base        Top       Length
------------------------------------ ----------- ----------- ----------
Section: __VECTORS                        C:0000      C:000E         fh

SPACE ALLOCATION:
=================

Space              Base        Top         Size
------------------ ----------- ----------- ---------
EDATA                   E:0100      E:0783      684h
RDATA                     R:E0        R:EF       10h
ROM                     C:0000      C:2B5C     2b5dh


SEGMENTS WITHIN SPACE:
======================

EDATA              Type                Base        Top         Size
------------------ ------------------- ----------- ----------- ---------
FAR_BSS            normal data              E:0100      E:015C       5dh
FAR_DATA           normal data              E:015D      E:0783      627h


RDATA              Type                Base        Top         Size
------------------ ------------------- ----------- ----------- ---------
workingreg         absolute data              R:E0        R:EF       10h


ROM                Type                Base        Top         Size
------------------ ------------------- ----------- ----------- ---------
__VECTORS          absolute data            C:0000      C:0037       38h
_sputch_TEXT       normal data              C:2290      C:22BE       2fh
_uputch_TEXT       normal data              C:2261      C:2279       19h
abs_TEXT           normal data              C:230C      C:2349       3eh
ansi_TEXT          normal data              C:095E      C:116A      80dh
CODE               normal data              C:0038      C:02C6      28fh
FAR_DATA           * segment copy *         C:2536      C:2B5C      627h
getfreq_TEXT       normal data              C:1DC8      C:1DDE       17h
led_TEXT           normal data              C:1211      C:15BB      3abh
lut_TEXT           normal data              C:116B      C:1210       a6h
main_TEXT          normal data              C:03B7      C:095D      5a7h
mstring_TEXT       normal data              C:22BF      C:230B       4dh
nt_send_TEXT       normal data              C:1BF4      C:1DC7      1d4h
opwatch_TEXT       normal data              C:15BC      C:1B11      556h
putch_TEXT         normal data              C:241F      C:247B       5dh
reverse_TEXT       normal data              C:234A      C:241E       d5h
ROM_TEXT           normal data              C:02C7      C:0345       7fh
sio_TEXT           normal data              C:1B12      C:1BF3       e2h
startup            normal data              C:0346      C:03B6       71h
strlen_TEXT        normal data              C:21F8      C:2239       42h
t_putch_TEXT       normal data              C:227A      C:228F       16h
teuart0_TEXT       normal data              C:247C      C:2535       bah
ultoa_TEXT         normal data              C:1DDF      C:21F7      419h
ustoa_TEXT         normal data              C:223A      C:2260       27h

SEGMENTS WITHIN MODULES:
========================

Module: ..\..\src\boot\common\startupl.asm (File: startupL.obj) Version: 1:0 02/23/2005 13:22:37

    Name                                        Base        Top      Size
    --------------------------------------- ----------- ----------- ---------
    Segment: __VECTORS                           C:0000      C:0037       38h
    Segment: FAR_BSS                             E:0100      E:0101        2h
    Segment: FAR_DATA                            E:015D      E:015D        1h
    Segment: startup                             C:0346      C:03B6       71h
    Segment: workingreg                            R:E0        R:EF       10h


Module: ..\UART\COMMON\PUTCH.C (Library: zslLYD.lib) Version: 1:0 02/23/2005 13:32:42

    Name                                        Base        Top      Size
    --------------------------------------- ----------- ----------- ---------
    Segment: putch_TEXT                          C:241F      C:247B       5dh


Module: ..\UART\COMMON\WRITEUART0.C (Library: zslLYD.lib) Version: 1:0 02/23/2005 13:32:38

    Name                                        Base        Top      Size
    --------------------------------------- ----------- ----------- ---------
    Segment: FAR_DATA                            E:0776      E:0776        1h
    Segment: teuart0_TEXT                        C:247C      C:2535       bah


Module: ANSIPROJECT\MAIN.C (File: main.obj) Version: 1:0 06/09/2016 16:51:50

    Name                                        Base        Top      Size
    --------------------------------------- ----------- ----------- ---------
    Segment: FAR_DATA                            E:0163      E:0164        2h
    Segment: FAR_DATA                            E:0777      E:0783        dh
    Segment: main_TEXT                           C:03B7      C:095D      5a7h
    Segment: ROM_TEXT                            C:02C7      C:02D9       13h


Module: C:\Users\S143217\Desktop\Project\ANSIproject\zsldevinit.asm (File: zsldevinit.obj) Version: 1:0 06/06/2016 11:29:12

    Name                                        Base        Top      Size
    --------------------------------------- ----------- ----------- ---------
    Segment: CODE                                C:0038      C:0039        2h
    Segment: FAR_DATA                            E:015E      E:0162        5h


Module: COMMON\ABS.C (Library: crtrevaaLDD.lib) Version: 1:0 02/23/2005 13:27:08

    Name                                        Base        Top      Size
    --------------------------------------- ----------- ----------- ---------
    Segment: abs_TEXT                            C:230C      C:2349       3eh


Module: common\fpdumyl.asm (File: fpdumyL.obj) Version: 1:0 02/23/2005 13:22:38

    Name                                        Base        Top      Size
    --------------------------------------- ----------- ----------- ---------
    Segment: CODE                                C:003A      C:003A        1h
    Segment: FAR_BSS                             E:013E      E:0141        4h


Module: common\frame.asm (Library: crtrevaaLDD.lib) Version: 1:0 02/23/2005 13:27:20

    Name                                        Base        Top      Size
    --------------------------------------- ----------- ----------- ---------
    Segment: CODE                                C:0076      C:00DC       67h


Module: COMMON\PRINT_GLOBALS.C (Library: crtrevaaLDD.lib) Version: 1:0 02/23/2005 13:27:11

    Name                                        Base        Top      Size
    --------------------------------------- ----------- ----------- ---------
    Segment: FAR_BSS                             E:0142      E:015C       1bh
    Segment: FAR_DATA                            E:0774      E:0775        2h


Module: COMMON\PRINT_PUTCH.C (Library: crtrevaaLDD.lib) Version: 1:0 02/23/2005 13:27:11

    Name                                        Base        Top      Size
    --------------------------------------- ----------- ----------- ---------
    Segment: t_putch_TEXT                        C:227A      C:228F       16h


Module: COMMON\PRINT_PUTROMSTRING.C (Library: crtrevaaLDD.lib) Version: 1:0 02/23/2005 13:27:12

    Name                                        Base        Top      Size
    --------------------------------------- ----------- ----------- ---------
    Segment: mstring_TEXT                        C:22BF      C:230B       4dh


Module: COMMON\PRINT_SEND.C (Library: crtrevaaLDD.lib) Version: 1:0 02/23/2005 13:27:12

    Name                                        Base        Top      Size
    --------------------------------------- ----------- ----------- ---------
    Segment: nt_send_TEXT                        C:1BF4      C:1DC7      1d4h


Module: COMMON\PRINT_SPUTCH.C (Library: crtrevaaLDD.lib) Version: 1:0 02/23/2005 13:27:11

    Name                                        Base        Top      Size
    --------------------------------------- ----------- ----------- ---------
    Segment: _sputch_TEXT                        C:2290      C:22BE       2fh


Module: COMMON\PRINT_UPUTCH.C (Library: crtrevaaLDD.lib) Version: 1:0 02/23/2005 13:27:11

    Name                                        Base        Top      Size
    --------------------------------------- ----------- ----------- ---------
    Segment: _uputch_TEXT                        C:2261      C:2279       19h


Module: COMMON\SIO.C (Library: crtrevaaLDD.lib) Version: 1:0 02/23/2005 13:27:13

    Name                                        Base        Top      Size
    --------------------------------------- ----------- ----------- ---------
    Segment: FAR_DATA                            E:0773      E:0773        1h
    Segment: sio_TEXT                            C:1B12      C:1BF3       e2h


Module: common\sldiv.asm (Library: crtrevaaLDD.lib) Version: 1:0 02/23/2005 13:27:19

    Name                                        Base        Top      Size
    --------------------------------------- ----------- ----------- ---------
    Segment: CODE                                C:01FD      C:0257       5bh


Module: COMMON\STRLEN.C (Library: crtrevaaLDD.lib) Version: 1:0 02/23/2005 13:27:14

    Name                                        Base        Top      Size
    --------------------------------------- ----------- ----------- ---------
    Segment: strlen_TEXT                         C:21F8      C:2239       42h


Module: common\swdiv.asm (Library: crtrevaaLDD.lib) Version: 1:0 02/23/2005 13:27:19

    Name                                        Base        Top      Size
    --------------------------------------- ----------- ----------- ---------
    Segment: CODE                                C:003B      C:0075       3bh


Module: common\ucase.asm (Library: crtrevaaLDD.lib) Version: 1:0 02/23/2005 13:27:19

    Name                                        Base        Top      Size
    --------------------------------------- ----------- ----------- ---------
    Segment: CODE                                C:0289      C:02C6       3eh


Module: common\uldiv.asm (Library: crtrevaaLDD.lib) Version: 1:0 02/23/2005 13:27:19

    Name                                        Base        Top      Size
    --------------------------------------- ----------- ----------- ---------
    Segment: CODE                                C:01A8      C:01FC       55h


Module: common\ulmul.asm (Library: crtrevaaLDD.lib) Version: 1:0 02/23/2005 13:27:19

    Name                                        Base        Top      Size
    --------------------------------------- ----------- ----------- ---------
    Segment: CODE                                C:00DD      C:0174       98h


Module: COMMON\ULTOA.C (Library: crtrevaaLDD.lib) Version: 1:0 02/23/2005 13:27:16

    Name                                        Base        Top      Size
    --------------------------------------- ----------- ----------- ---------
    Segment: ultoa_TEXT                          C:1DDF      C:21F7      419h


Module: COMMON\UREVERSE.C (Library: crtrevaaLDD.lib) Version: 1:0 02/23/2005 13:27:17

    Name                                        Base        Top      Size
    --------------------------------------- ----------- ----------- ---------
    Segment: reverse_TEXT                        C:234A      C:241E       d5h


Module: COMMON\USTOA.C (Library: crtrevaaLDD.lib) Version: 1:0 02/23/2005 13:27:18

    Name                                        Base        Top      Size
    --------------------------------------- ----------- ----------- ---------
    Segment: ustoa_TEXT                          C:223A      C:2260       27h


Module: common\uwdiv.asm (Library: crtrevaaLDD.lib) Version: 1:0 02/23/2005 13:27:19

    Name                                        Base        Top      Size
    --------------------------------------- ----------- ----------- ---------
    Segment: CODE                                C:0258      C:0288       31h


Module: common\uwmul.asm (Library: crtrevaaLDD.lib) Version: 1:0 02/23/2005 13:27:19

    Name                                        Base        Top      Size
    --------------------------------------- ----------- ----------- ---------
    Segment: CODE                                C:0175      C:01A7       33h


Module: get_freq.asm (Library: crtrevaaLDD.lib) Version: 1:0 02/23/2005 13:27:19

    Name                                        Base        Top      Size
    --------------------------------------- ----------- ----------- ---------
    Segment: getfreq_TEXT                        C:1DC8      C:1DDE       17h


Module: INCLUDE\SRC\ANSI.C (File: ansi.obj) Version: 1:0 06/09/2016 09:40:02

    Name                                        Base        Top      Size
    --------------------------------------- ----------- ----------- ---------
    Segment: ansi_TEXT                           C:095E      C:116A      80dh
    Segment: FAR_DATA                            E:0165      E:017C       18h
    Segment: ROM_TEXT                            C:02DA      C:02E3        ah


Module: INCLUDE\SRC\LED.C (File: LED.obj) Version: 1:0 06/09/2016 16:50:20

    Name                                        Base        Top      Size
    --------------------------------------- ----------- ----------- ---------
    Segment: __VECTORS                           C:0000      C:000D        eh
    Segment: FAR_BSS                             E:0102      E:013D       3ch
    Segment: FAR_DATA                            E:057D      E:076E      1f2h
    Segment: led_TEXT                            C:1211      C:15BB      3abh


Module: INCLUDE\SRC\LUT.C (File: lut.obj) Version: 1:0 06/06/2016 14:54:33

    Name                                        Base        Top      Size
    --------------------------------------- ----------- ----------- ---------
    Segment: FAR_DATA                            E:017D      E:057C      400h
    Segment: lut_TEXT                            C:116B      C:1210       a6h


Module: INCLUDE\SRC\STOPWATCH.C (File: StopWatch.obj) Version: 1:0 06/09/2016 12:18:49

    Name                                        Base        Top      Size
    --------------------------------------- ----------- ----------- ---------
    Segment: FAR_DATA                            E:076F      E:0772        4h
    Segment: opwatch_TEXT                        C:15BC      C:1B11      556h
    Segment: ROM_TEXT                            C:02E4      C:0345       62h

EXTERNAL DEFINITIONS:
=====================

Symbol                             Address   Module          Segment
-------------------------------- ----------- --------------- --------------------------------
_0__far_atof                          E:013E fpdumyl         FAR_BSS                         
_0__far_frexp                         E:013E fpdumyl         FAR_BSS                         
_0__far_modf                          E:013E fpdumyl         FAR_BSS                         
_0__far_strtod                        E:013E fpdumyl         FAR_BSS                         
_0__near_atof                         E:013E fpdumyl         FAR_BSS                         
_0__near_frexp                        E:013E fpdumyl         FAR_BSS                         
_0__near_modf                         E:013E fpdumyl         FAR_BSS                         
_0__near_strtod                       E:013E fpdumyl         FAR_BSS                         
_0__u_dtoe                            E:013E fpdumyl         FAR_BSS                         
_0__u_dtof                            E:013E fpdumyl         FAR_BSS                         
_0__u_dtog                            E:013E fpdumyl         FAR_BSS                         
_0__u_flt_info                        E:013E fpdumyl         FAR_BSS                         
_0__u_flt_rnd                         E:013E fpdumyl         FAR_BSS                         
_0_acos                               E:013E fpdumyl         FAR_BSS                         
_0_asin                               E:013E fpdumyl         FAR_BSS                         
_0_atan                               E:013E fpdumyl         FAR_BSS                         
_0_atan2                              E:013E fpdumyl         FAR_BSS                         
_0_ceil                               E:013E fpdumyl         FAR_BSS                         
_0_cosh                               E:013E fpdumyl         FAR_BSS                         
_0_exp                                E:013E fpdumyl         FAR_BSS                         
_0_fabs                               E:013E fpdumyl         FAR_BSS                         
_0_floor                              E:013E fpdumyl         FAR_BSS                         
_0_fmod                               E:013E fpdumyl         FAR_BSS                         
_0_ldexp                              E:013E fpdumyl         FAR_BSS                         
_0_log                                E:013E fpdumyl         FAR_BSS                         
_0_log10                              E:013E fpdumyl         FAR_BSS                         
_0_pow                                E:013E fpdumyl         FAR_BSS                         
_0_sinh                               E:013E fpdumyl         FAR_BSS                         
_0_sqrt                               E:013E fpdumyl         FAR_BSS                         
_0_tan                                E:013E fpdumyl         FAR_BSS                         
_0_tanh                               E:013E fpdumyl         FAR_BSS                         
_1__far_frexp                         E:013E fpdumyl         FAR_BSS                         
_1__far_modf                          E:013E fpdumyl         FAR_BSS                         
_1__far_strtod                        E:013E fpdumyl         FAR_BSS                         
_1__near_frexp                        E:013E fpdumyl         FAR_BSS                         
_1__near_modf                         E:013E fpdumyl         FAR_BSS                         
_1__near_strtod                       E:013E fpdumyl         FAR_BSS                         
_1__u_dtoe                            E:013E fpdumyl         FAR_BSS                         
_1__u_dtof                            E:013E fpdumyl         FAR_BSS                         
_1__u_dtog                            E:013E fpdumyl         FAR_BSS                         
_1__u_flt_info                        E:013E fpdumyl         FAR_BSS                         
_1__u_flt_rnd                         E:013E fpdumyl         FAR_BSS                         
_1_atan2                              E:013E fpdumyl         FAR_BSS                         
_1_fmod                               E:013E fpdumyl         FAR_BSS                         
_1_ldexp                              E:013E fpdumyl         FAR_BSS                         
_1_pow                                E:013E fpdumyl         FAR_BSS                         
_1_strtod                             E:013E fpdumyl         FAR_BSS                         
_2__u_dtoe                            E:013E fpdumyl         FAR_BSS                         
_2__u_dtof                            E:013E fpdumyl         FAR_BSS                         
_2__u_dtog                            E:013E fpdumyl         FAR_BSS                         
_2__u_flt_info                        E:013E fpdumyl         FAR_BSS                         
___print_buff                         E:0142 PRINT_GLOBALS   FAR_BSS                         
___print_fmt                          E:014E PRINT_GLOBALS   FAR_BSS                         
___print_leading_char                 E:015A PRINT_GLOBALS   FAR_BSS                         
___print_len                          E:0159 PRINT_GLOBALS   FAR_BSS                         
___print_out                          E:015B PRINT_GLOBALS   FAR_BSS                         
___print_putch                        C:227A PRINT_PUTCH     t_putch_TEXT                    
___print_putromstring                 C:22BF PRINT_PUTROMSTR mstring_TEXT                    
___print_send                         C:1BF4 PRINT_SEND      nt_send_TEXT                    
___print_sputch                       C:2290 PRINT_SPUTCH    _sputch_TEXT                    
___print_uputch                       C:2261 PRINT_UPUTCH    _uputch_TEXT                    
___print_xputch                       E:0774 PRINT_GLOBALS   FAR_DATA                        
__close_periphdevice                  C:0039 zsldevinit      CODE                            
__far_atof                            C:003A fpdumyl         CODE                            
__far_frexp                           C:003A fpdumyl         CODE                            
__far_modf                            C:003A fpdumyl         CODE                            
__far_strlen                          C:21F8 STRLEN          strlen_TEXT                     
__far_strtod                          C:003A fpdumyl         CODE                            
__fpadd                               C:003A fpdumyl         CODE                            
__fpcmp                               C:003A fpdumyl         CODE                            
__fpdiv                               C:003A fpdumyl         CODE                            
__fpftol                              C:003A fpdumyl         CODE                            
__fpltof                              C:003A fpdumyl         CODE                            
__fpmul                               C:003A fpdumyl         CODE                            
__fpneg                               C:003A fpdumyl         CODE                            
__fppack                              C:003A fpdumyl         CODE                            
__fpsub                               C:003A fpdumyl         CODE                            
__fpultof                             C:003A fpdumyl         CODE                            
__fpupop1                             C:003A fpdumyl         CODE                            
__fpupop2                             C:003A fpdumyl         CODE                            
__framereset                          C:00A1 frame           CODE                            
__frameset                            C:0082 frame           CODE                            
__frameset0                           C:0080 frame           CODE                            
__frameset00                          C:007E frame           CODE                            
__iframereset                         C:00B8 frame           CODE                            
__iframeset00                         C:0076 frame           CODE                            
__intrp                               E:015D startupl        FAR_DATA                        
__near_atof                           C:003A fpdumyl         CODE                            
__near_frexp                          C:003A fpdumyl         CODE                            
__near_modf                           C:003A fpdumyl         CODE                            
__near_strtod                         C:003A fpdumyl         CODE                            
__open_periphdevice                   C:0038 zsldevinit      CODE                            
__sldiv                               C:01FD sldiv           CODE                            
__slmul                               C:00DD ulmul           CODE                            
__swdiv                               C:003B swdiv           CODE                            
__swmul                               C:0175 uwmul           CODE                            
__u_dtoe                              C:003A fpdumyl         CODE                            
__u_dtof                              C:003A fpdumyl         CODE                            
__u_dtog                              C:003A fpdumyl         CODE                            
__u_flt_info                          C:003A fpdumyl         CODE                            
__u_flt_rnd                           C:003A fpdumyl         CODE                            
__u_ltoa                              C:1DDF ULTOA           ultoa_TEXT                      
__u_reverse                           C:234A UREVERSE        reverse_TEXT                    
__u_stoa                              C:223A USTOA           ustoa_TEXT                      
__ucase                               C:0289 ucase           CODE                            
__uldiv                               C:01A8 uldiv           CODE                            
__ulmul                               C:00DD ulmul           CODE                            
__user_frequency                    01194000 (User Defined)
__uwdiv                               C:0258 uwdiv           CODE                            
__uwmul                               C:0175 uwmul           CODE                            
_abs                                  C:230C ABS             abs_TEXT                        
_acos                                 C:003A fpdumyl         CODE                            
_asin                                 C:003A fpdumyl         CODE                            
_atan                                 C:003A fpdumyl         CODE                            
_atan2                                C:003A fpdumyl         CODE                            
_bgcolor                              C:09F4 ANSI            ansi_TEXT                       
_blink                                C:0C46 ANSI            ansi_TEXT                       
_c_startup                            C:0346 startupl        startup                         
_calcTime                             C:15CE STOPWATCH       opwatch_TEXT                    
_ceil                                 C:003A fpdumyl         CODE                            
_character_data                       E:057D LED             FAR_DATA                        
_close_periphdevice                   C:0039 zsldevinit      CODE                            
_clreol                               C:0B57 ANSI            ansi_TEXT                       
_clrscr                               C:0B26 ANSI            ansi_TEXT                       
_color                                C:0A3F ANSI            ansi_TEXT                       
_cos                                  C:11B8 LUT             lut_TEXT                        
_cosh                                 C:003A fpdumyl         CODE                            
_errno                                E:0100 startupl        FAR_BSS                         
_exit                                 C:03B5 startupl        startup                         
_exp                                  C:003A fpdumyl         CODE                            
_expand                               C:03B7 MAIN            main_TEXT                       
_fabs                                 C:003A fpdumyl         CODE                            
_far_heapbot                        00000783 (User Defined)
_far_heaptop                        00000EFF (User Defined)
_far_stack                          00000EFF (User Defined)
_fgcolor                              C:095E ANSI            ansi_TEXT                       
_floor                                C:003A fpdumyl         CODE                            
_fmod                                 C:003A fpdumyl         CODE                            
_g_clock0                             E:015F zsldevinit      FAR_DATA                        
_g_clock1                             E:015F zsldevinit      FAR_DATA                        
_g_simulate                           E:015E zsldevinit      FAR_DATA                        
_g_Txflag0                            E:0776 WRITEUART0      FAR_DATA                        
_get_freq                             C:1DCC get_freq        getfreq_TEXT                    
_gotoxy                               C:0B88 ANSI            ansi_TEXT                       
_init_uart                            C:1B40 SIO             sio_TEXT                        
_initCounter                          C:1A1E STOPWATCH       opwatch_TEXT                    
_inittime                             C:16A9 STOPWATCH       opwatch_TEXT                    
_initVector                           C:04D0 MAIN            main_TEXT                       
_keyFunc                              C:170A STOPWATCH       opwatch_TEXT                    
_keysetup                             C:0823 MAIN            main_TEXT                       
_ldexp                                C:003A fpdumyl         CODE                            
_ledcontrol                           C:083A MAIN            main_TEXT                       
_LEDinit                              C:1223 LED             led_TEXT                        
_LEDsetString                         C:1258 LED             led_TEXT                        
_LEDupdate                            C:1459 LED             led_TEXT                        
_len_farbss                         0000005D (User Defined)
_len_fardata                        00000627 (User Defined)
_len_nearbss                        00000000 (User Defined)
_len_neardata                       00000000 (User Defined)
_log                                  C:003A fpdumyl         CODE                            
_log10                                C:003A fpdumyl         CODE                            
_low_far_romdata                    00002536 (User Defined)
_low_farbss                         00000100 (User Defined)
_low_fardata                        0000015D (User Defined)
_low_near_romdata                   00000000 (User Defined)
_low_nearbss                        00000000 (User Defined)
_low_neardata                       00000000 (User Defined)
_main                                 C:0860 MAIN            main_TEXT                       
_mellemled                            C:130A LED             led_TEXT                        
_milisec                              E:076F STOPWATCH       FAR_DATA                        
_near_heapbot                       000000EF (User Defined)
_near_heaptop                       000000FF (User Defined)
_near_stack                         000000FF (User Defined)
_open_periphdevice                    C:0038 zsldevinit      CODE                            
_pow                                  C:003A fpdumyl         CODE                            
_printFix                             C:03DA MAIN            main_TEXT                       
_printtime                            C:1A25 STOPWATCH       opwatch_TEXT                    
_putch                                C:241F PUTCH           putch_TEXT                      
_readKey                              C:07E9 MAIN            main_TEXT                       
_refreshDisplay                       C:1211 LED             led_TEXT                        
_resetbgcolor                         C:0AF5 ANSI            ansi_TEXT                       
_reverse                              C:0CA5 ANSI            ansi_TEXT                       
_rotate                               C:062C MAIN            main_TEXT                       
_select_port                          C:1B12 SIO             sio_TEXT                        
_sin                                  C:116B LUT             lut_TEXT                        
_SIN                                  E:017D LUT             FAR_DATA                        
_sinh                                 C:003A fpdumyl         CODE                            
_sqrt                                 C:003A fpdumyl         CODE                            
_tan                                  C:003A fpdumyl         CODE                            
_tanh                                 C:003A fpdumyl         CODE                            
_timeForRefresh                       E:0758 LED             FAR_DATA                        
_timer0int                            C:15BC STOPWATCH       opwatch_TEXT                    
_underline                            C:0BE7 ANSI            ansi_TEXT                       
_videoBuffer                          E:0102 LED             FAR_BSS                         
_window                               C:0D04 ANSI            ansi_TEXT                       
_write_UART0                          C:247C WRITEUART0      teuart0_TEXT                    
_zsl_g_clock_xdefine                01194000 (User Defined)

197 external symbol(s).


START ADDRESS:
==============
(C:0346) set in module ..\..\src\boot\common\startupl.asm.

CALL GRAPH
==========
Depth Address    CF Function                       Calls Function
----- ---------- -- ------------------------------ --------------------------------
    1 R:20        0 _get_freq                      ->
    2 E:0100      0 _f__far_modf                   ->
    3 R:20        0 _n__floor                      ->
    4 R:20        0 _n___u_flt_rnd                 ->
    5 R:20        0 _n__far_modf                   ->
    6 R:20        0 _n__sqrt                       ->
    7 R:20        0 _n__near_modf                  ->
    8 E:0100      0 _f__atan                       ->
    9 E:0100      0 _f__pow                        ->
   10 R:20        0 _n__near_strtod                ->
   11 E:0100      0 _f__atan2                      ->
   12 R:20        0 _n__far_strtod                 ->
   13 E:0100      0 _f__far_strtod                 ->
   14 R:20        0 _n__atan                       ->
   15 E:0100      0 _f__log10                      ->
   16 E:0100      0 _f__log                        ->
   17 E:0100      0 _f__floor                      ->
   18 R:20        0 _n__exp                        ->
   19 E:0100      0 _f__fmod                       ->
   20 E:0100      0 _f__near_modf                  ->
   21 R:20        0 _n__tan                        ->
   22 E:0100      0 _f___u_flt_info                ->
   23 R:20        0 _n__atan2                      ->
   24 R:20        0 _n__near_atof                  ->
   25 E:0100      0 _f__far_atof                   ->
   26 R:20        0 _n__far_atof                   ->
   27 E:0100      0 _f__acos                       ->
   28 E:0100      0 _f__cosh                       ->
   29 R:20        0 _n___u_dtog                    ->
   30 R:20        0 _n___u_dtof                    ->
   31 R:20        0 _n___u_dtoe                    ->
   32 R:20        0 _n__cosh                       ->
   33 R:20        0 _n__sinh                       ->
   34 R:20        0 _n__acos                       ->
   35 E:0100      0 _f__far_frexp                  ->
   36 E:0100      0 _f__tan                        ->
   37 R:20        0 _n__ldexp                      ->
   38 E:0100      0 _f__tanh                       ->
   39 R:20        0 _n___u_flt_info                ->
   40 E:0100      0 _f__sinh                       ->
   41 E:0100      0 _f__near_frexp                 ->
   42 E:0100      0 _f__near_atof                  ->
   43 E:0100      0 _f___u__dtog                   ->
   44 E:0100      0 _f___u__dtof                   ->
   45 E:0100      0 _f___u__dtoe                   ->
   46 R:20        0 _n__tanh                       ->
   47 R:20        0 _n__near_frexp                 ->
   48 R:20        0 _n__far_frexp                  ->
   49 E:0100      0 _f__ldexp                      ->
   50 E:0100      0 _f__asin                       ->
   51 R:20        0 _n__fabs                       ->
   52 E:0100      0 _f__ceil                       ->
   53 R:20        0 _n__pow                        ->
   54 E:0100      0 _f__near_strtod                ->
   55 E:0100      0 _f__fabs                       ->
   56 R:20        0 _n__ceil                       ->
   57 R:20        0 _n__fmod                       ->
   58 R:20        0 _n__log10                      ->
   59 R:20        0 _n__asin                       ->
   60 E:0100      0 _f__sqrt                       ->
   61 E:0100      0 _f___u_flt_rnd                 ->
   62 R:20        0 _n__log                        ->
   63 E:0100      0 _f__exp                        ->


END OF LINK MAP:
================
0 Errors
0 Warnings
